
> real_erp_crm@0.1.0 build
> next build

  Γû▓ Next.js 14.2.3
  - Environments: .env

   Creating an optimized production build ...
 Γ£ô Compiled successfully
   Linting and checking validity of types ...

./src/app/app/billing/page.tsx
72:8  Warning: React Hook useEffect has a missing dependency: 'fetchData'. Either include it or remove the dependency array.  react-hooks/exhaustive-deps

./src/app/app/portal/page.tsx
42:29  Warning: Using `<img>` could result in slower LCP and higher bandwidth. Consider using `<Image />` from `next/image` to automatically optimize images. This may incur additional usage or cost from your provider. See: https://nextjs.org/docs/messages/no-img-element  @next/next/no-img-element

./src/app/app/projects/[id]/page.tsx
76:8  Warning: React Hook useEffect has a missing dependency: 'fetchProject'. Either include it or remove the dependency array.  react-hooks/exhaustive-deps

./src/app/app/purchase/page.tsx
70:8  Warning: React Hook useEffect has a missing dependency: 'fetchData'. Either include it or remove the dependency array.  react-hooks/exhaustive-deps

./src/app/page.tsx
37:17  Warning: Using `<img>` could result in slower LCP and higher bandwidth. Consider using `<Image />` from `next/image` to automatically optimize images. This may incur additional usage or cost from your provider. See: https://nextjs.org/docs/messages/no-img-element  @next/next/no-img-element
56:17  Warning: Using `<img>` could result in slower LCP and higher bandwidth. Consider using `<Image />` from `next/image` to automatically optimize images. This may incur additional usage or cost from your provider. See: https://nextjs.org/docs/messages/no-img-element  @next/next/no-img-element
76:17  Warning: Using `<img>` could result in slower LCP and higher bandwidth. Consider using `<Image />` from `next/image` to automatically optimize images. This may incur additional usage or cost from your provider. See: https://nextjs.org/docs/messages/no-img-element  @next/next/no-img-element
95:17  Warning: Using `<img>` could result in slower LCP and higher bandwidth. Consider using `<Image />` from `next/image` to automatically optimize images. This may incur additional usage or cost from your provider. See: https://nextjs.org/docs/messages/no-img-element  @next/next/no-img-element

./src/components/ProjectHeader.tsx
57:25  Warning: Using `<img>` could result in slower LCP and higher bandwidth. Consider using `<Image />` from `next/image` to automatically optimize images. This may incur additional usage or cost from your provider. See: https://nextjs.org/docs/messages/no-img-element  @next/next/no-img-element

info  - Need to disable some ESLint rules? Learn more here: https://nextjs.org/docs/basic-features/eslint#disabling-rules
node.exe : Failed to compile.
At line:1 char:1
+ & "C:\Program Files\nodejs/node.exe" 
"C:\Users\Dell\AppData\Roaming\n ...
+ ~~~~~~~~~~~~~~~~~~~~~~~~~~~~~~~~~~~~~~~~~~~~~~~~~~~~~~~~~~
~~~~~~~~~~~
    + CategoryInfo          : NotSpecified: (Failed to comp 
   ile.:String) [], RemoteException
    + FullyQualifiedErrorId : NativeCommandError
 

./src/app/app/user-guide/page.tsx:94:52
Type error: An object literal cannot have multiple 
properties with the same name.

[0m [90m 92 |[39m                     
[33m<[39m[33mdiv[39m className[33m=[39m[32m"sticky 
top-24"[39m[33m>[39m[0m
[0m [90m 93 |[39m                         
[33m<[39m[33mmotion[39m[33m.[39mdiv[0m
[0m[31m[1m>[22m[39m[90m 94 |[39m                     
        initial[33m=[39m{{ opacity[33m:[39m 
[35m0[39m[33m,[39m opacity[33m:[39m [35m0.5[39m 
}}[0m
[0m [90m    |[39m                                        
            [31m[1m^[22m[39m[0m
[0m [90m 95 |[39m                             
animate[33m=[39m{{ opacity[33m:[39m [35m1[39m }}[0m
[0m [90m 96 |[39m                             
className[33m=[39m[32m"bg-[#00605A] rounded-3xl p-8 
text-white shadow-xl shadow-[#00605A]/20 overflow-hidden 
relative"[39m[0m
[0m [90m 97 |[39m                         [33m>[39m[0m
